[2024-10-17 17:01:16] [INFO] Serve socket created
[2024-10-17 17:01:16] [INFO] Server is listening on port 5669
[2024-10-17 17:01:24] [INFO] Client connected
[2024-10-17 17:05:24] [INFO] Serve socket created
[2024-10-17 17:05:24] [INFO] Server is listening on port 5669
[2024-10-17 17:05:33] [INFO] Client connected
[2024-10-17 17:06:05] [INFO] Client connected
[2024-10-18 06:07:48] [INFO] Serve socket created
[2024-10-18 06:07:48] [INFO] Server is listening on port 5669
[2024-10-18 06:07:53] [INFO] Client connected
[2024-10-18 09:45:09] [INFO] Serve socket created
[2024-10-18 09:45:09] [INFO] Server is listening on port 5669
[2024-10-18 09:45:17] [INFO] Client connected
[2024-10-18 09:45:32] [INFO] Client connected
[2024-10-18 10:24:49] [INFO] Serve socket created
[2024-10-18 10:24:49] [INFO] Server is listening on port 5669
[2024-10-18 10:24:59] [INFO] Client connected
[2024-10-18 10:26:11] [INFO] Client connected
[2024-10-18 10:27:43] [INFO] Client connected
[2024-10-18 12:31:01] [INFO] Serve socket created
[2024-10-18 12:31:01] [INFO] Server is listening on port 5669
[2024-10-18 12:31:04] [INFO] Client connected
[2024-10-18 12:32:52] [INFO] Client connected
[2024-10-18 12:33:45] [INFO] Client connected
[2024-10-18 12:34:07] [INFO] Client connected
[2024-10-18 12:35:05] [INFO] Client connected
[2024-10-18 12:37:53] [INFO] Client connected
[2024-10-18 12:46:44] [INFO] Client connected
[2024-10-18 12:46:47] [INFO] Client connected
[2024-10-18 15:46:12] [INFO] Serve socket created
[2024-10-18 15:46:12] [FATAL] Bind failed
[2024-10-18 15:47:03] [INFO] Serve socket created
[2024-10-18 15:47:03] [FATAL] Bind failed
[2024-10-18 15:47:27] [INFO] Serve socket created
[2024-10-18 15:47:27] [FATAL] Bind failed
[2024-10-18 15:53:18] [INFO] Serve socket created
[2024-10-18 15:53:18] [FATAL] Bind failed
[2024-10-18 15:55:06] [INFO] Serve socket created
[2024-10-18 15:55:06] [FATAL] Bind failed
[2024-10-18 15:57:39] [INFO] Serve socket created
[2024-10-18 15:57:39] [INFO] Server is listening on port 5669
[2024-10-18 15:57:46] [INFO] Client connected
[2024-10-18 16:30:01] [INFO] Serve socket created
[2024-10-18 16:30:01] [INFO] Server is listening on port 5669
[2024-10-18 16:30:09] [INFO] Client connected
[2024-10-18 16:30:38] [INFO] Client connected
[2024-10-18 16:34:56] [INFO] Serve socket created
[2024-10-18 16:34:56] [INFO] Server is listening on port 5669
[2024-10-18 16:35:07] [INFO] Client connected
[2024-10-18 16:45:56] [INFO] Serve socket created
[2024-10-18 16:45:56] [INFO] Server is listening on port 5669
[2024-10-18 16:46:08] [INFO] Client connected
[2024-10-18 16:47:45] [INFO] Client connected
[2024-10-18 16:47:56] [INFO] Client connected
[2024-10-18 16:49:30] [INFO] Client connected
[2024-10-18 16:49:50] [INFO] Client connected
[2024-10-18 16:50:06] [INFO] Client connected
[2024-10-18 16:50:18] [INFO] Client connected
[2024-10-18 16:51:13] [INFO] Client connected
[2024-10-18 16:51:26] [INFO] Client connected
[2024-10-18 16:51:44] [INFO] Client connected
[2024-10-18 16:51:55] [INFO] Client connected
[2024-10-18 16:52:50] [INFO] Client connected
[2024-10-18 16:59:37] [INFO] Serve socket created
[2024-10-18 16:59:37] [INFO] Server is listening on port 5669
[2024-10-18 16:59:51] [INFO] Client connected
[2024-10-18 17:00:09] [INFO] Client connected
[2024-10-18 17:00:45] [INFO] Client connected
[2024-10-18 17:06:12] [INFO] Serve socket created
[2024-10-18 17:06:12] [INFO] Server is listening on port 5669
[2024-10-18 17:06:24] [INFO] Client connected
[2024-10-20 06:02:41] [INFO] Serve socket created
[2024-10-20 06:02:41] [INFO] Server is listening on port 5669
[2024-10-20 06:04:21] [INFO] Client connected
[2024-10-20 06:08:32] [INFO] Serve socket created
[2024-10-20 06:08:32] [INFO] Server is listening on port 5669
[2024-10-20 06:09:40] [INFO] Client connected
[2024-10-20 10:56:56] [INFO] Serve socket created
[2024-10-20 10:56:56] [INFO] Server is listening on port 5669
[2024-10-20 10:58:33] [INFO] Client connected
[2024-10-20 11:11:47] [INFO] Serve socket created
[2024-10-20 11:11:47] [INFO] Server is listening on port 5669
[2024-10-20 11:11:58] [INFO] Client connected
[2024-10-20 11:21:40] [INFO] Serve socket created
[2024-10-20 11:21:40] [INFO] Server is listening on port 5669
[2024-10-20 11:21:50] [INFO] Client connected
[2024-10-20 11:22:09] [INFO] Client connected
[2024-10-20 11:22:32] [INFO] Client connected
[2024-10-20 11:23:06] [INFO] Client connected
[2024-10-20 11:25:43] [INFO] Serve socket created
[2024-10-20 11:25:43] [INFO] Server is listening on port 5669
[2024-10-20 11:26:31] [INFO] Client connected
[2024-10-20 11:26:43] [INFO] Client connected
[2024-10-20 11:27:01] [INFO] Client connected
[2024-10-20 11:27:09] [INFO] Client connected
[2024-10-20 11:27:26] [INFO] Client connected
[2024-10-20 11:27:40] [INFO] Client connected
[2024-10-20 11:27:58] [INFO] Client connected
[2024-10-20 11:28:38] [INFO] Client connected
[2024-10-20 11:29:00] [INFO] Client connected
[2024-10-20 11:30:24] [INFO] Client connected
[2024-10-20 11:30:38] [INFO] Client connected
[2024-10-20 11:30:56] [INFO] Client connected
[2024-10-20 11:33:51] [INFO] Client connected
[2024-10-21 05:09:28] [INFO] Serve socket created
[2024-10-21 05:09:28] [INFO] Server is listening on port 5669
[2024-10-21 05:10:20] [INFO] Client connected
[2024-10-21 05:11:23] [INFO] Client connected
[2024-10-21 05:11:55] [INFO] Client connected
[2024-10-21 05:16:11] [INFO] Serve socket created
[2024-10-21 05:16:11] [INFO] Server is listening on port 5669
[2024-10-21 05:17:24] [INFO] Client connected
[2024-10-21 05:17:39] [INFO] Client connected
[2024-10-21 09:17:54] [INFO] Serve socket created
[2024-10-21 09:17:54] [INFO] Server is listening on port 5669
[2024-10-21 09:18:00] [INFO] Client connected
[2024-10-21 15:51:30] [INFO] Serve socket created
[2024-10-21 15:51:30] [INFO] Server is listening on port 5669
[2024-10-21 15:51:35] [INFO] Client connected
[2024-10-21 15:51:50] [INFO] Client connected
[2024-10-21 15:52:08] [INFO] Client connected
[2024-10-21 15:52:28] [INFO] Client connected
[2024-10-21 15:54:30] [INFO] Client connected
[2024-10-21 15:55:48] [INFO] Client connected
[2024-10-21 16:06:00] [INFO] Serve socket created
[2024-10-21 16:06:00] [INFO] Server is listening on port 5669
[2024-10-21 16:06:11] [INFO] Client connected
[2024-10-21 16:06:19] [WARN] Failed to send message to client socket 7500914
[2024-10-21 16:06:35] [WARN] Failed to send message to client socket 7500914
[2024-10-21 16:07:03] [INFO] Client connected
[2024-10-21 16:29:36] [INFO] Serve socket created
[2024-10-21 16:29:36] [INFO] Server is listening on port 5669
[2024-10-21 16:29:43] [INFO] Client connected
[2024-10-21 16:30:01] [INFO] Client connected
[2024-10-21 16:30:12] [INFO] Client connected
[2024-10-21 16:30:27] [INFO] Client connected
[2024-10-21 16:30:57] [INFO] Client connected
[2024-10-21 17:34:11] [INFO] Serve socket created
[2024-10-21 17:34:11] [INFO] Server is listening on port 5669
[2024-10-21 17:35:56] [INFO] Client connected
[2024-10-21 17:37:51] [INFO] Client connected
[2024-10-21 17:38:30] [INFO] Serve socket created
[2024-10-21 17:38:30] [FATAL] Bind failed
[2024-10-21 17:38:41] [INFO] Serve socket created
[2024-10-21 17:38:41] [FATAL] Bind failed
[2024-10-21 17:40:36] [INFO] Serve socket created
[2024-10-21 17:40:36] [INFO] Server is listening on port 5669
[2024-10-21 17:40:48] [INFO] Client connected
[2024-10-21 17:40:55] [INFO] Client connected
[2024-10-21 17:41:24] [INFO] Client connected
[2024-10-21 17:41:35] [INFO] Client connected
[2024-10-21 17:41:44] [INFO] Client connected
[2024-10-21 17:42:05] [INFO] Client connected
[2024-10-21 17:42:13] [INFO] Client connected
[2024-10-21 17:44:58] [INFO] Serve socket created
[2024-10-21 17:44:58] [INFO] Server is listening on port 5669
[2024-10-21 17:45:11] [INFO] Client connected
[2024-10-21 17:45:18] [INFO] Client connected
[2024-10-21 17:45:41] [INFO] Client connected
[2024-10-21 17:45:49] [INFO] Client connected
[2024-10-21 17:46:07] [INFO] Client connected
[2024-10-21 17:46:17] [INFO] Client connected
[2024-10-21 17:46:41] [INFO] Client connected
[2024-10-21 17:50:27] [INFO] Serve socket created
[2024-10-21 17:50:27] [INFO] Server is listening on port 5669
[2024-10-21 17:50:59] [INFO] Client connected
[2024-10-21 17:51:12] [INFO] Client connected
[2024-10-21 17:51:24] [INFO] Client connected
[2024-10-21 17:51:44] [INFO] Client connected
[2024-10-22 04:10:24] [INFO] Serve socket created
[2024-10-22 04:10:24] [INFO] Server is listening on port 5669
[2024-10-22 04:11:18] [INFO] Client connected
[2024-10-22 04:11:37] [INFO] Client connected
[2024-10-22 04:14:25] [INFO] Client connected
[2024-10-22 04:16:00] [INFO] Client connected
[2024-10-22 04:16:24] [INFO] Client connected
[2024-10-22 04:17:41] [INFO] Client connected
[2024-10-22 04:18:00] [INFO] Client connected
[2024-10-22 04:18:25] [INFO] Client connected
[2024-10-22 04:18:47] [INFO] Client connected
[2024-10-22 04:19:06] [INFO] Client connected
[2024-10-22 04:19:18] [INFO] Client connected
[2024-10-22 04:19:34] [INFO] Client connected
[2024-10-22 04:20:01] [INFO] Client connected
[2024-10-22 04:46:48] [INFO] Serve socket created
[2024-10-22 04:46:48] [INFO] Server is listening on port 5669
[2024-10-22 04:47:19] [INFO] Client connected
[2024-10-22 04:47:35] [INFO] Client connected
[2024-10-22 04:47:51] [INFO] Client connected
[2024-10-22 04:47:59] [INFO] Client connected
[2024-10-22 04:48:27] [INFO] Client connected
[2024-10-22 04:48:50] [INFO] Client connected
[2024-10-22 04:49:16] [INFO] Client connected
[2024-10-22 04:51:11] [INFO] Serve socket created
[2024-10-22 04:51:11] [FATAL] Bind failed
[2024-10-22 04:51:25] [INFO] Serve socket created
[2024-10-22 04:51:25] [INFO] Server is listening on port 5669
[2024-10-22 04:51:30] [INFO] Client connected
[2024-10-22 04:51:44] [INFO] Client connected
[2024-10-22 04:51:59] [INFO] Client connected
[2024-10-22 04:52:32] [INFO] Client connected
[2024-10-22 04:52:50] [INFO] Client connected
[2024-10-22 04:53:16] [INFO] Client connected
[2024-10-22 04:53:29] [INFO] Client connected
[2024-10-22 04:53:42] [INFO] Client connected
[2024-10-22 05:16:34] [INFO] Serve socket created
[2024-10-22 05:16:34] [FATAL] Bind failed
[2024-10-22 05:16:49] [INFO] Serve socket created
[2024-10-22 05:16:49] [FATAL] Bind failed
[2024-10-22 05:16:54] [INFO] Serve socket created
[2024-10-22 05:16:54] [FATAL] Bind failed
[2024-10-22 05:17:39] [INFO] Serve socket created
[2024-10-22 05:17:39] [INFO] Server is listening on port 5669
[2024-10-22 05:17:55] [INFO] Client connected
[2024-10-22 05:18:18] [INFO] Client connected
[2024-10-22 05:18:39] [INFO] Client connected
[2024-10-22 05:18:56] [INFO] Client connected
[2024-10-22 05:19:21] [INFO] Client connected
[2024-10-22 05:19:37] [INFO] Client connected
[2024-10-22 05:19:51] [INFO] Client connected
[2024-10-22 05:20:07] [INFO] Client connected
[2024-10-22 05:20:11] [INFO] Client connected
